[0m16:02:26.401066 [debug] [MainThread]: Sending event: {'category': 'dbt', 'action': 'invocation', 'label': 'start', 'context': [<snowplow_tracker.self_describing_json.SelfDescribingJson object at 0x10f845a90>, <snowplow_tracker.self_describing_json.SelfDescribingJson object at 0x110e4f4d0>, <snowplow_tracker.self_describing_json.SelfDescribingJson object at 0x110e4f890>]}


============================== 16:02:26.416892 | 1ed7f065-22ee-4722-8277-cda269918bda ==============================
[0m16:02:26.416892 [info ] [MainThread]: Running with dbt=1.12.3
[0m16:02:26.417797 [debug] [MainThread]: running dbt with arguments {'indirect_selection': 'eager', 'maximum_seed_size_mib': '1', 'log_path': 'logs', 'send_anonymous_usage_stats': 'True', 'cache_selected_only': 'False', 'log_cache_events': 'False', 'empty': 'None', 'warn_error': 'None', 'quiet': 'False', 'log_format': 'default', 'use_experimental_parser': 'False', 'version_check': 'True', 'fail_fast': 'False', 'partial_parse': 'True', 'write_json': 'True', 'target_path': 'None', 'static_parser': 'True', 'no_print': 'None', 'debug': 'False', 'profiles_dir': '/Users/erikarabadancastillo/.dbt', 'warn_error_options': 'WarnErrorOptionsV2(error=[], warn=[], silence=[])', 'hints_enabled': 'True', 'introspect': 'True', 'printer_width': '80', 'use_colors': 'True', 'invocation_command': 'dbt init transform'}
[0m16:02:26.453878 [info ] [MainThread]: Creating dbt configuration folder at /Users/erikarabadancastillo/.dbt
[0m16:02:26.456586 [debug] [MainThread]: Starter project path: /Users/erikarabadancastillo/Documents/Projects/qualifyze_pipeline/.venv/lib/python3.13/site-packages/dbt/include/starter_project
[0m16:02:26.471256 [info ] [MainThread]: Setting up your profile.
[0m16:03:54.002351 [info ] [MainThread]: Profile transform written to /Users/erikarabadancastillo/.dbt/profiles.yml using target's profile_template.yml and your supplied values.
[0m16:03:54.008740 [info ] [MainThread]: Running dbt debug to validate the project...
[0m16:03:54.010994 [info ] [MainThread]: dbt version: 1.12.3
[0m16:03:54.011972 [info ] [MainThread]: python version: 3.13.15
[0m16:03:54.012676 [info ] [MainThread]: python path: /Users/erikarabadancastillo/Documents/Projects/qualifyze_pipeline/.venv/bin/python3.13
[0m16:03:54.013396 [info ] [MainThread]: os info: macOS-15.7.7-x86_64-i386-64bit-Mach-O
[0m16:03:54.114298 [info ] [MainThread]: Using profiles dir at /Users/erikarabadancastillo/.dbt
[0m16:03:54.116399 [info ] [MainThread]: Using profiles.yml file at /Users/erikarabadancastillo/.dbt/profiles.yml
[0m16:03:54.118125 [info ] [MainThread]: Using dbt_project.yml file at /Users/erikarabadancastillo/Documents/Projects/qualifyze_pipeline/transform/dbt_project.yml
[0m16:03:54.121852 [info ] [MainThread]: adapter type: postgres
[0m16:03:54.122580 [info ] [MainThread]: adapter version: 1.11.0
[0m16:03:54.326754 [info ] [MainThread]: Configuration:
[0m16:03:54.327359 [info ] [MainThread]:   profiles.yml file [[32mOK found and valid[0m]
[0m16:03:54.327818 [info ] [MainThread]:   dbt_project.yml file [[32mOK found and valid[0m]
[0m16:03:54.328390 [info ] [MainThread]: Required dependencies:
[0m16:03:54.329057 [debug] [MainThread]: Executing "git --help"
[0m16:03:54.409843 [debug] [MainThread]: STDOUT: "b"usage: git [-v | --version] [-h | --help] [-C <path>] [-c <name>=<value>]\n           [--exec-path[=<path>]] [--html-path] [--man-path] [--info-path]\n           [-p | --paginate | -P | --no-pager] [--no-replace-objects] [--bare]\n           [--git-dir=<path>] [--work-tree=<path>] [--namespace=<name>]\n           [--super-prefix=<path>] [--config-env=<name>=<envvar>]\n           <command> [<args>]\n\nThese are common Git commands used in various situations:\n\nstart a working area (see also: git help tutorial)\n   clone     Clone a repository into a new directory\n   init      Create an empty Git repository or reinitialize an existing one\n\nwork on the current change (see also: git help everyday)\n   add       Add file contents to the index\n   mv        Move or rename a file, a directory, or a symlink\n   restore   Restore working tree files\n   rm        Remove files from the working tree and from the index\n\nexamine the history and state (see also: git help revisions)\n   bisect    Use binary search to find the commit that introduced a bug\n   diff      Show changes between commits, commit and working tree, etc\n   grep      Print lines matching a pattern\n   log       Show commit logs\n   show      Show various types of objects\n   status    Show the working tree status\n\ngrow, mark and tweak your common history\n   branch    List, create, or delete branches\n   commit    Record changes to the repository\n   merge     Join two or more development histories together\n   rebase    Reapply commits on top of another base tip\n   reset     Reset current HEAD to the specified state\n   switch    Switch branches\n   tag       Create, list, delete or verify a tag object signed with GPG\n\ncollaborate (see also: git help workflows)\n   fetch     Download objects and refs from another repository\n   pull      Fetch from and integrate with another repository or a local branch\n   push      Update remote refs along with associated objects\n\n'git help -a' and 'git help -g' list available subcommands and some\nconcept guides. See 'git help <command>' or 'git help <concept>'\nto read about a specific subcommand or concept.\nSee 'git help git' for an overview of the system.\n""
[0m16:03:54.411310 [debug] [MainThread]: STDERR: "b''"
[0m16:03:54.411945 [info ] [MainThread]:  - git [[32mOK found[0m]

[0m16:03:54.412669 [info ] [MainThread]: Connection:
[0m16:03:54.413637 [info ] [MainThread]:   host: localhost
[0m16:03:54.414370 [info ] [MainThread]:   port: 5432
[0m16:03:54.415000 [info ] [MainThread]:   user: qualifyze
[0m16:03:54.415837 [info ] [MainThread]:   database: qualifyze-local
[0m16:03:54.416589 [info ] [MainThread]:   schema: staging
[0m16:03:54.417832 [info ] [MainThread]:   connect_timeout: 10
[0m16:03:54.419025 [info ] [MainThread]:   role: None
[0m16:03:54.420263 [info ] [MainThread]:   search_path: None
[0m16:03:54.421023 [info ] [MainThread]:   keepalives_idle: 0
[0m16:03:54.421663 [info ] [MainThread]:   sslmode: None
[0m16:03:54.422168 [info ] [MainThread]:   sslcert: None
[0m16:03:54.422636 [info ] [MainThread]:   sslkey: None
[0m16:03:54.423086 [info ] [MainThread]:   sslrootcert: None
[0m16:03:54.423535 [info ] [MainThread]:   application_name: dbt
[0m16:03:54.424161 [info ] [MainThread]:   autocommit: False
[0m16:03:54.424958 [info ] [MainThread]:   retries: 1
[0m16:03:54.428975 [info ] [MainThread]: Registered adapter: postgres=1.11.0
[0m16:03:57.899514 [debug] [MainThread]: Acquiring new postgres connection 'debug'
[0m16:03:58.101693 [debug] [MainThread]: Using postgres connection "debug"
[0m16:03:58.102532 [debug] [MainThread]: On debug: select 1 as id
[0m16:03:58.103278 [debug] [MainThread]: Opening a new connection, currently in state init
[0m16:03:58.467475 [debug] [MainThread]: Postgres adapter: Got a retryable error when attempting to open a postgres connection.
1 attempts remaining. Retrying in 0 seconds.
Error:
connection to server at "localhost" (::1), port 5432 failed: FATAL:  database "qualifyze-local" does not exist

[0m16:03:58.512910 [debug] [MainThread]: Postgres adapter: Error running SQL: select 1 as id
[0m16:03:58.513758 [debug] [MainThread]: Postgres adapter: Rolling back transaction.
[0m16:03:58.514997 [debug] [MainThread]: On debug: No close available on handle
[0m16:03:58.516221 [info ] [MainThread]:   Connection test: [[31mERROR[0m]

[0m16:03:58.517569 [info ] [MainThread]: [31m1 check failed:[0m
[0m16:03:58.520337 [info ] [MainThread]: dbt was unable to connect to the specified database.
The database returned the following error:

  >Database Error
  connection to server at "localhost" (::1), port 5432 failed: FATAL:  database "qualifyze-local" does not exist
  

Check your database credentials and try again. For more information, visit:
https://docs.getdbt.com/docs/configure-your-profile


[0m16:03:58.525242 [info ] [MainThread]: Your new dbt project "transform" was created!
Initialized new project in /Users/erikarabadancastillo/Documents/Projects/qualifyze_pipeline/transform/transform

For more information on how to configure the profiles.yml file,
please consult the dbt documentation here:

  https://docs.getdbt.com/docs/configure-your-profile

One more thing:

Need help? Don't hesitate to reach out to us via GitHub issues or on Slack:

  https://community.getdbt.com/

Happy modeling!

[0m16:03:58.526950 [info ] [MainThread]: [31mYour profile may need adjustments. You can find the logs of `dbt debug` above[0m
[0m16:03:59.040935 [debug] [MainThread]: Resource report: {"command_name": "init", "command_success": true, "command_wall_clock_time": 92.80406, "process_in_blocks": "0", "process_kernel_time": 0.78794, "process_mem_max_rss": "114831360", "process_out_blocks": "0", "process_user_time": 3.041249}
[0m16:03:59.044604 [debug] [MainThread]: Command `dbt init` succeeded at 16:03:59.043950 after 92.81 seconds
[0m16:03:59.045764 [debug] [MainThread]: Connection 'debug' was properly closed.
[0m16:03:59.046896 [debug] [MainThread]: Sending event: {'category': 'dbt', 'action': 'invocation', 'label': 'end', 'context': [<snowplow_tracker.self_describing_json.SelfDescribingJson object at 0x11103c8a0>, <snowplow_tracker.self_describing_json.SelfDescribingJson object at 0x110d06690>, <snowplow_tracker.self_describing_json.SelfDescribingJson object at 0x111493240>]}
[0m16:03:59.048336 [debug] [MainThread]: Flushing usage events
[0m16:03:59.595790 [debug] [MainThread]: An error was encountered while trying to flush usage events
[0m19:21:01.104334 [debug] [MainThread]: Sending event: {'category': 'dbt', 'action': 'invocation', 'label': 'start', 'context': [<snowplow_tracker.self_describing_json.SelfDescribingJson object at 0x10b0f5a90>, <snowplow_tracker.self_describing_json.SelfDescribingJson object at 0x10c753750>, <snowplow_tracker.self_describing_json.SelfDescribingJson object at 0x10c753610>]}


============================== 19:21:01.890801 | 9960415c-3947-4f2d-8aa6-917b2083e104 ==============================
[0m19:21:01.890801 [info ] [MainThread]: Running with dbt=1.12.3
[0m19:21:01.891657 [debug] [MainThread]: running dbt with arguments {'fail_fast': 'False', 'hints_enabled': 'True', 'log_cache_events': 'False', 'cache_selected_only': 'False', 'static_parser': 'True', 'use_colors': 'True', 'invocation_command': 'dbt run --select stg_sitesdb', 'no_print': 'None', 'send_anonymous_usage_stats': 'True', 'quiet': 'False', 'warn_error': 'None', 'empty': 'False', 'profiles_dir': '/Users/erikarabadancastillo/.dbt', 'version_check': 'True', 'use_experimental_parser': 'False', 'introspect': 'True', 'printer_width': '80', 'target_path': 'None', 'partial_parse': 'True', 'log_path': 'logs', 'warn_error_options': 'WarnErrorOptionsV2(error=[], warn=[], silence=[])', 'indirect_selection': 'eager', 'log_format': 'default', 'write_json': 'True', 'debug': 'False', 'maximum_seed_size_mib': '1'}
[0m19:21:01.892420 [error] [MainThread]: [[31mERROR[0m]: Encountered an error:
Runtime Error
  No dbt_project.yml found at expected path /Users/erikarabadancastillo/Documents/Projects/qualifyze_pipeline/dbt_project.yml
  Verify that each entry within packages.yml (and their transitive dependencies) contains a file named dbt_project.yml
  
[0m19:21:01.896310 [debug] [MainThread]: Resource report: {"command_name": "run", "command_success": false, "command_wall_clock_time": 0.918407, "process_in_blocks": "0", "process_kernel_time": 0.481876, "process_mem_max_rss": "111906816", "process_out_blocks": "0", "process_user_time": 2.207101}
[0m19:21:01.897138 [debug] [MainThread]: Command `dbt run` failed at 19:21:01.896982 after 0.92 seconds
[0m19:21:01.897655 [debug] [MainThread]: Sending event: {'category': 'dbt', 'action': 'invocation', 'label': 'end', 'context': [<snowplow_tracker.self_describing_json.SelfDescribingJson object at 0x10c7a5350>, <snowplow_tracker.self_describing_json.SelfDescribingJson object at 0x10c71e9f0>, <snowplow_tracker.self_describing_json.SelfDescribingJson object at 0x10c818050>]}
[0m19:21:01.898161 [debug] [MainThread]: Flushing usage events
[0m19:21:02.422050 [debug] [MainThread]: An error was encountered while trying to flush usage events
